<?xml version="1.0" encoding="utf-8"?><testsuites name="pytest tests"><testsuite name="pytest" errors="0" failures="0" skipped="0" tests="0" time="0.289" timestamp="2025-11-17T11:44:13.930570+01:00" hostname="LAPTOP-O20GS0K0" /></testsuites>